// Jest Snapshot v1, https://goo.gl/fbAQLP

exports[`Testing Header Component 1`] = `
<div>
  <button
    onClick={[Function]}
  >
    Log out 
  </button>
  <NavLink
    activeClassName="activeLink"
    aria-current="page"
    exact={true}
    to="/"
  >
    Home
  </NavLink>
  <NavLink
    activeClassName="activeLink"
    aria-current="page"
    to="/add"
  >
    Add
  </NavLink>
  <NavLink
    activeClassName="activeLink"
    aria-current="page"
    to="/help"
  >
    Help
  </NavLink>
</div>
`;
